app\searchbar$6.class
app\batch$8.class
app\view$10.class
app\batch1$5.class
app\project1$4.class
app\mentor$9.class
app\GROUPS$6.class
app\add$11.class
app\mentor$10.class
app\batch1$19.class
app\view$8.class
app\batch1$21.class
app\project1$16.class
app\add$17.class
app\batch$2.class
app\project1$24.class
app\batch1$14.class
app\tables$4.class
app\login_page$4.class
app\add.class
app\project$6.class
app\view$2.class
app\add$9.class
app\GROUPS$10.class
app\searchbar$SearchUtil.class
app\GROUPS$1.class
app\searchbar$1.class
app\mentor$4.class
app\tables$5.class
app\batch1$13.class
app\mentor$11.class
app\add$23.class
app\view$3.class
app\batch1$6.class
app\project1$5.class
app\mentor$3.class
app\add$12.class
app\project$5.class
app\batch1$18.class
app\batch$7.class
app\add$24.class
com\mycompany\miniproject\Miniproject.class
app\project.class
app\batch1$25.class
app\project1$25.class
app\project1$15.class
app\add$8.class
app\mentor$5.class
app\project$7.class
app\batch$13.class
app\project$12.class
app\batch1.class
app\add$10.class
app\add$25.class
app\project1$18.class
app\mentor$8.class
app\batch$10.class
app\contact$2.class
app\view.class
app\searchbar$7.class
app\view$11.class
app\batch1$10.class
app\project1$17.class
app\project$9.class
app\mentor$7.class
app\searchbar$4.class
app\GROUPS.class
app\project1$9.class
app\project1$23.class
app\project$11.class
app\batch$12.class
app\contact$1.class
app\batch$9.class
app\batch$11.class
app\project$10.class
app\view$1.class
app\searchbar$5.class
app\batch.class
app\batch1$9.class
app\project1$8.class
app\mentor$6.class
app\project$8.class
app\project1$22.class
app\mentor$13.class
app\batch$14.class
app\project$13.class
app\GROUPS$3.class
app\view$20.class
app\GROUPS$12.class
app\project1$19.class
app\add$21.class
app\view$5.class
app\searchbar$10.class
app\searchbar$3.class
app\searchbar.class
app\batch1$16.class
app\batch1$2.class
app\project1$1.class
app\batch1$11.class
app\project1$21.class
app\batch1$8.class
app\project1$7.class
app\tables$1.class
app\login_page$1.class
app\view$18.class
app\add$14.class
app\contact.class
app\mentor$1.class
app\project$3.class
app\tables$7.class
app\batch$5.class
app\GROUPS$8.class
app\batch1$17.class
app\add$6.class
app\project1$20.class
app\add$2.class
app\batch1$23.class
app\project1$13.class
app\batch$6.class
app\project1.class
app\searchbar$8.class
app\add$13.class
app\view$12.class
app\batch1$7.class
app\project1$6.class
app\tables.class
app\tables$6.class
app\add$19.class
app\view$13.class
app\add$7.class
app\batch1$24.class
app\batch$15.class
app\GROUPS$2.class
app\project$14.class
app\searchbar$9.class
app\project1$14.class
app\login_page.class
app\add$1.class
app\view$19.class
app\view$4.class
app\batch1$12.class
app\login_page$2.class
app\GROUPS$9.class
app\searchbar$2.class
app\view$17.class
app\view$MultiLineTableCellRenderer.class
app\mentor$2.class
com\mycompany\miniproject\mini.class
app\project$4.class
app\tables$3.class
app\view$MultilineCellRenderer.class
app\add$15.class
app\batch$1.class
app\batch$4.class
app\GROUPS$11.class
app\add$18.class
app\login_page$3.class
app\add$5.class
app\GROUPS$7.class
app\add$22.class
app\batch1$1.class
app\view$6.class
app\add$3.class
app\batch1$4.class
app\project1$3.class
app\batch$16.class
app\GROUPS$13.class
app\view$14.class
app\view$9.class
app\project$15.class
app\mentor$12.class
app\batch1$22.class
app\GROUPS$4.class
app\project1$12.class
app\batch1$20.class
app\batch$3.class
app\login_page$5.class
app\add$16.class
app\project1$10.class
app\GROUPS$5.class
app\view$22.class
app\view$15.class
app\project$2.class
app\login_page$6.class
app\add$20.class
app\project1$11.class
app\batch1$3.class
app\project1$2.class
app\project$1.class
app\batch1$15.class
app\mentor.class
app\tables$2.class
app\add$4.class
app\view$16.class
app\view$21.class
app\view$7.class
