C:\Users\AMULYA SS\7th sem\Project\miniproject\miniproject\src\main\java\app\mentor.java
C:\Users\AMULYA SS\7th sem\Project\miniproject\miniproject\src\main\java\app\contact.java
C:\Users\AMULYA SS\7th sem\Project\miniproject\miniproject\src\main\java\app\view.java
C:\Users\AMULYA SS\7th sem\Project\miniproject\miniproject\src\main\java\app\batch.java
C:\Users\AMULYA SS\7th sem\Project\miniproject\miniproject\src\main\java\app\batch1.java
C:\Users\AMULYA SS\7th sem\Project\miniproject\miniproject\src\main\java\app\project.java
C:\Users\AMULYA SS\7th sem\Project\miniproject\miniproject\src\main\java\com\mycompany\miniproject\Miniproject.java
C:\Users\AMULYA SS\7th sem\Project\miniproject\miniproject\src\main\java\app\add.java
C:\Users\AMULYA SS\7th sem\Project\miniproject\miniproject\src\main\java\app\login_page.java
C:\Users\AMULYA SS\7th sem\Project\miniproject\miniproject\src\main\java\app\searchbar.java
C:\Users\AMULYA SS\7th sem\Project\miniproject\miniproject\src\main\java\app\tables.java
C:\Users\AMULYA SS\7th sem\Project\miniproject\miniproject\src\main\java\com\mycompany\miniproject\mini.java
C:\Users\AMULYA SS\7th sem\Project\miniproject\miniproject\src\main\java\app\GROUPS.java
C:\Users\AMULYA SS\7th sem\Project\miniproject\miniproject\src\main\java\app\project1.java
